// Jest Snapshot v1, https://goo.gl/fbAQLP

exports[`Country component Snapshot 1`] = `
<button
  className="country"
  onClick={[Function]}
>
  <span
    className="country__name"
  >
    test
  </span>
</button>
`;
